{
  "finding_id": "file_permissions_var_log_messages",
  "attempt_number": 1,
  "commands_executed": [
    "chmod 0600 /var/log/messages",
    "ls -l /var/log/messages"
  ],
  "files_modified": [],
  "files_read": [
    "/var/log/messages"
  ],
  "execution_details": [
    {
      "command": "test -f /var/log/messages && cat /var/log/messages || (echo FILE_NOT_FOUND >&2; exit 2)",
      "stdout": "Feb 22 21:02:21 localhost kernel: The list of certified hardware and cloud instances for Enterprise Linux 9 can be viewed at the Red Hat Ecosystem Catalog, https://catalog.redhat.com.\nFeb 22 21:02:21 localhost kernel: Command line: BOOT_IMAGE=(hd0,gpt2)/vmlinuz-5.14.0-611.27.1.el9_7.x86_64 root=/dev/mapper/rlm-root ro crashkernel=1G-2G:192M,2G-64G:256M,64G-:512M resume=/dev/mapper/rlm-swap rd.lvm.lv=rlm/root rd.lvm.lv=rlm/swap init_on_free=1 pti=on vsyscall=none page_poison=1 audit=1 audit_backlog_limit=8192\nFeb 22 21:02:21 localhost kernel: [Firmware Bug]: TSC doesn't count with P0 frequency!\nFeb 22 21:02:21 localhost kernel: BIOS-provided physical RAM map:\nFeb 22 21:02:21 localhost kernel: BIOS-e820: [mem 0x0000000000000000-0x000000000009ffff] usable\nFeb 22 21:02:21 localhost kernel: BIOS-e820: [mem 0x0000000000100000-0x00000000dce23fff] usable\nFeb 22 21:02:21 localhost kernel: BIOS-e820: [mem 0x00000000dce24000-0x00000000dce2cfff] ACPI data\nFeb 22 21:02:21 localhost kernel: BIOS-e820: [mem 0x00000000dce2d000-0x00000000ddaa1fff] usable\nFeb 22 21:02:21 localhost kernel: BIOS-e820: [mem 0x00000000ddaa2000-0x00000000ddbb5fff] reserved\nFeb 22 21:02:21 localhost kernel: BIOS-e820: [mem 0x00000000ddbb6000-0x00000000de6ecfff] usable\nFeb 22 21:02:21 localhost kernel: BIOS-e820: [mem 0x00000000de6ed000-0x00000000de96cfff] reserved\nFeb 22 21:02:21 localhost kernel: BIOS-e820: [mem 0x00000000de96d000-0x00000000de97efff] ACPI data\nFeb 22 21:02:21 localhost kernel: BIOS-e820: [mem 0x00000000de97f000-0x00000000de9fefff] ACPI NVS\nFeb 22 21:02:21 localhost kernel: BIOS-e820: [mem 0x00000000de9ff000-0x00000000df12cfff] usable\nFeb 22 21:02:21 localhost kernel: BIOS-e820: [mem 0x00000000df12d000-0x00000000df130fff] reserved\nFeb 22 21:02:21 localhost kernel: BIOS-e820: [mem 0x00000000df131000-0x00000000df132fff] ACPI NVS\nFeb 22 21:02:21 localhost kernel: BIOS-e820: [mem 0x00000000df133000-0x00000000df16dfff] usable\nFeb 22 21:02:21 localhost kernel: BIOS-e820: [mem 0x00000000df16e000-0x00000000dffeffff] reserved\nFeb 22 21:02:21 localhost kernel: BIOS-e820: [mem 0x00000000ffc00000-0x00000000ffffffff] reserved\nFeb 22 21:02:21 localhost kernel: BIOS-e820: [mem 0x0000000100000000-0x000000011fffffff] usable\nFeb 22 21:02:21 localhost kernel: NX (Execute Disable) protection: active\nFeb 22 21:02:21 localhost kernel: APIC: Static calls initialized\nFeb 22 21:02:21 localhost kernel: efi: EFI v2.7 by EDK II\nFeb 22 21:02:21 localhost kernel: efi: ACPI=0xde97e000 ACPI 2.0=0xde97e014 TPMFinalLog=0xde9d6000 SMBIOS=0xde9d5000 MOKvar=0xde743000 RNG=0xde973018 TPMEventLog=0xdce24018 \nFeb 22 21:02:21 localhost kernel: efi: Remove mem142: MMIO range=[0xffc00000-0xffffffff] (4MB) from e820 map\nFeb 22 21:02:21 localhost kernel: secureboot: Secure boot enabled\nFeb 22 21:02:21 localhost kernel: Kernel is locked down from EFI Secure Boot mode; see man kernel_lockdown.7\nFeb 22 21:02:21 localhost kernel: SMBIOS 2.5 present.\nFeb 22 21:02:21 localhost kernel: DMI: innotek GmbH VirtualBox/VirtualBox, BIOS VirtualBox 12/01/2006\nFeb 22 21:02:21 localhost kernel: tsc: Fast TSC calibration failed\nFeb 22 21:02:21 localhost kernel: last_pfn = 0x120000 max_arch_pfn = 0x400000000\nFeb 22 21:02:21 localhost kernel: MTRR map: 6 entries (3 fixed + 3 variable; max 19), built from 8 variable MTRRs\nFeb 22 21:02:21 localhost kernel: x86/PAT: Configuration [0-7]: WB  WC  UC- UC  WB  WP  UC- WT  \nFeb 22 21:02:21 localhost kernel: last_pfn = 0xdf16e max_arch_pfn = 0x400000000\nFeb 22 21:02:21 localhost kernel: found SMP MP-table at [mem 0x0009fff0-0x0009ffff]\nFeb 22 21:02:21 localhost kernel: Kernel/User page tables isolation: force enabled on command line.\nFeb 22 21:02:21 localhost kernel: secureboot: Secure boot enabled\nFeb 22 21:02:21 localhost kernel: RAMDISK: [mem 0xd95a0000-0xdbbebfff]\nFeb 22 21:02:21 localhost kernel: ACPI: Early table checksum verification disabled\nFeb 22 21:02:21 localhost kernel: ACPI: RSDP 0x00000000DE97E014 000024 (v02 VBOX  )\nFeb 22 21:02:21 localhost kernel: ACPI: XSDT 0x00000000DE97D0E8 000054 (v01 VBOX   VBOXFACP 00000001      01000013)\nFeb 22 21:02:21 localhost kernel: ACPI: FACP 0x00000000DE979000 0000F4 (v04 VBOX   VBOXFACP 00000001 ASL  00000061)\nFeb 22 21:02:21 localhost kernel: ACPI: DSDT 0x00000000DE97A000 002353 (v02 VBOX   VBOXBIOS 00000002 VBOX 0002A122)\nFeb 22 21:02:21 localhost kernel: ACPI: FACS 0x00000000DE9FE000 000040\nFeb 22 21:02:21 localhost kernel: ACPI: APIC 0x00000000DE978000 00005C (v02 VBOX   VBOXAPIC 00000001 ASL  00000061)\nFeb 22 21:02:21 localhost kernel: ACPI: TPM2 0x00000000DE977000 000034 (v04 VBOX   VBOXTPM2 00000001 ASL  00000061)\nFeb 22 21:02:21 localhost kernel: ACPI: SSDT 0x00000000DE976000 0004F1 (v01 VBOX   VBOXTPMT 00000002 VBOX 0002A122)\nFeb 22 21:02:21 localhost kernel: ACPI: SSDT 0x00000000DE975000 000045 (v01 VBOX   VBOXCPUT 00000002 VBOX 0002A122)\nFeb 22 21:02:21 localhost kernel: ACPI: BGRT 0x00000000DE974000 000038 (v01 INTEL  EDK2     00000002      01000013)\nFeb 22 21:02:21 localhost kernel: ACPI: Reserving FACP table memory at [mem 0xde979000-0xde9790f3]\nFeb 22 21:02:21 localhost kernel: ACPI: Reserving DSDT table memory at [mem 0xde97a000-0xde97c352]\nFeb 22 21:02:21 localhost kernel: ACPI: Reserving FACS table memory at [mem 0xde9fe000-0xde9fe03f]\nFeb 22 21:02:21 localhost kernel: ACPI: Reserving APIC table memory at [mem 0xde978000-0xde97805b]\nFeb 22 21:02:21 localhost kernel: ACPI: Reserving TPM2 table memory at [mem 0xde977000-0xde977033]\nFeb 22 21:02:21 localhost kernel: ACPI: Reserving SSDT table memory at [mem 0xde976000-0xde9764f0]\nFeb 22 21:02:21 localhost kernel: ACPI: Reserving SSDT table memory at [mem 0xde975000-0xde975044]\nFeb 22 21:02:21 localhost kernel: ACPI: Reserving BGRT table memory at [mem 0xde974000-0xde974037]\nFeb 22 21:02:21 localhost kernel: No NUMA configuration found\nFeb 22 21:02:21 localhost kernel: Faking a node at [mem 0x0000000000000000-0x000000011fffffff]\nFeb 22 21:02:21 localhost kernel: NODE_DATA(0) allocated [mem 0x11ffd1000-0x11fffbfff]\nFeb 22 21:02:21 localhost kernel: crashkernel reserved: 0x00000000c9000000 - 0x00000000d9000000 (256 MB)\nFeb 22 21:02:21 localhost kernel: Zone ranges:\nFeb 22 21:02:21 localhost kernel:  DMA      [mem 0x0000000000001000-0x0000000000ffffff]\nFeb 22 21:02:21 localhost kernel:  DMA32    [mem 0x0000000001000000-0x00000000ffffffff]\nFeb 22 21:02:21 localhost kernel:  Normal   [mem 0x0000000100000000-0x000000011fffffff]\nFeb 22 21:02:21 localhost kernel:  Device   empty\nFeb 22 21:02:21 localhost kernel: Movable zone start for each node\nFeb 22 21:02:21 localhost kernel: Early memory node ranges\nFeb 22 21:02:21 localhost kernel:  node   0: [mem 0x0000000000001000-0x000000000009ffff]\nFeb 22 21:02:21 localhost kernel:  node   0: [mem 0x0000000000100000-0x00000000dce23fff]\nFeb 22 21:02:21 localhost kernel:  node   0: [mem 0x00000000dce2d000-0x00000000ddaa1fff]\nFeb 22 21:02:21 localhost kernel:  node   0: [mem 0x00000000ddbb6000-0x00000000de6ecfff]\nFeb 22 21:02:21 localhost kernel:  node   0: [mem 0x00000000de9ff000-0x00000000df12cfff]\nFeb 22 21:02:21 localhost kernel:  node   0: [mem 0x00000000df133000-0x00000000df16dfff]\nFeb 22 21:02:21 localhost kernel:  node   0: [mem 0x0000000100000000-0x000000011fffffff]\nFeb 22 21:02:21 localhost kernel: Initmem setup node 0 [mem 0x0000000000001000-0x000000011fffffff]\nFeb 22 21:02:21 localhost kernel: On node 0, zone DMA: 1 pages in unavailable ranges\nFeb 22 21:02:21 localhost kernel: On node 0, zone DMA: 96 pages in unavailable ranges\nFeb 22 21:02:21 localhost kernel: On node 0, zone DMA32: 9 pages in unavailable ranges\nFeb 22 21:02:21 localhost kernel: On node 0, zone DMA32: 276 pages in unavailable ranges\nFeb 22 21:02:21 localhost kernel: On node 0, zone DMA32: 786 pages in unavailable ranges\nFeb 22 21:02:21 localhost kernel: On node 0, zone DMA32: 6 pages in unavailable ranges\nFeb 22 21:02:21 localhost kernel: On node 0, zone Normal: 3730 pages in unavailable ranges\nFeb 22 21:02:21 localhost kernel: ACPI: PM-Timer IO Port: 0xb008\nFeb 22 21:02\n...[truncated]...",
      "stderr": "",
      "exit_code": 0,
      "success": true,
      "duration": 2.4688615798950195,
      "timed_out": false,
      "truncated_stdout": true,
      "truncated_stderr": false,
      "normalized_from": null
    },
    {
      "command": "chmod 0600 /var/log/messages",
      "stdout": "",
      "stderr": "",
      "exit_code": 0,
      "success": true,
      "duration": 1.4266016483306885,
      "timed_out": false,
      "truncated_stdout": false,
      "truncated_stderr": false,
      "normalized_from": null
    },
    {
      "command": "ls -l /var/log/messages",
      "stdout": "-rw-------. 1 root root 5824526 Mar 30 02:16 /var/log/messages\n",
      "stderr": "",
      "exit_code": 0,
      "success": true,
      "duration": 1.6332643032073975,
      "timed_out": false,
      "truncated_stdout": false,
      "truncated_stderr": false,
      "normalized_from": null
    }
  ],
  "scan_passed": true,
  "scan_output": null,
  "attempt_duration": 46.83341884613037,
  "scan_duration": 105.77,
  "success": true,
  "error_summary": null,
  "llm_verdict": {
    "message": "The permissions on **/var/log/messages** have been updated to `0600` (rw-------), restricting access to the root user only and satisfying the STIG rule `file_permissions_var_log_messages`. The remediation is complete.",
    "resolved": false
  },
  "llm_metrics": {
    "total_llm_api_seconds": 8.79,
    "total_command_execution_seconds": 28.603,
    "llm_calls": 9,
    "per_turn": [
      {
        "turn": 1,
        "api_seconds": 4.082,
        "cmd_seconds": 23.074,
        "total": 27.156,
        "tool": "review_plan",
        "command": "review_plan"
      },
      {
        "turn": 2,
        "api_seconds": 2.003,
        "cmd_seconds": 2.469,
        "total": 4.472,
        "tool": "read_file",
        "command": "/var/log/messages"
      },
      {
        "turn": 3,
        "api_seconds": 1.25,
        "cmd_seconds": 1.427,
        "total": 2.677,
        "tool": "run_cmd",
        "command": "chmod 0600 /var/log/messages"
      },
      {
        "turn": 4,
        "api_seconds": 1.455,
        "cmd_seconds": 1.633,
        "total": 3.088,
        "tool": "run_cmd",
        "command": "ls -l /var/log/messages"
      }
    ],
    "step_durations": {
      "plan_fix_seconds": 4.082,
      "review_qa_seconds": 23.074,
      "apply_fix_seconds": 19.673
    },
    "review_rejections": 0,
    "review_plan_capped": false
  }
}